################################################################################
#                                                                              #
#      IAR Universal Linker V6.5.1.95                                          #
#                                                                              #
#           Link time     =  14/Mar/2024  11:52:22                             #
#           Target CPU    =  MSP430                                            #
#           List file     =  E:\Programing\MSP430\Trafic_Light\Debug\List\traf #
#                            ic_light.map                                      #
#           Output file 1 =  E:\Programing\MSP430\Trafic_Light\Debug\Exe\trafi #
#                            c_light.hex                                       #
#                            Format: intel-extended                            #
#           Command line  =  -f C:\Users\ADMIN\AppData\Local\Temp\EW8CBF.tmp   #
#                            (E:\Programing\MSP430\Trafic_Light\Debug\Obj\main #
#                            .r43                                              #
#                            -o                                                #
#                            E:\Programing\MSP430\Trafic_Light\Debug\Exe\trafi #
#                            c_light.hex                                       #
#                            -Fintel-extended -l                               #
#                            E:\Programing\MSP430\Trafic_Light\Debug\List\traf #
#                            ic_light.map                                      #
#                            -xms                                              #
#                            "-IC:\Program Files (x86)\IAR Systems\Embedded Wo #
#                            rkbench 8.0\430\LIB\"                             #
#                            -f                                                #
#                            "C:\Program Files (x86)\IAR Systems\Embedded Work #
#                            bench 8.0\430\config\linker\lnk430f2132.xcl"      #
#                            (-cmsp430 -QCODE_I=CODE_ID -QTLS16_I=TLS16_ID     #
#                            -Z(CONST)INFO=1000-10FF                           #
#                            -Z(CONST)INFOA=10C0-10FF                          #
#                            -Z(CONST)INFOB=1080-10BF                          #
#                            -Z(CONST)INFOC=1040-107F                          #
#                            -Z(CONST)INFOD=1000-103F                          #
#                            -Z(DATA)DATA16_I,DATA16_Z,DATA16_N,TLS16_I=0200-0 #
#                            3FF                                               #
#                            -Z(DATA)DATA16_HEAP+_DATA16_HEAP_SIZE             #
#                            -Z(DATA)CODE_I -Z(DATA)CSTACK+_STACK_SIZE#        #
#                            -Z(CONST)DATA16_C,DATA16_ID,TLS16_ID,DIFUNCT,CHEC #
#                            KSUM=E000-FFDD                                    #
#                            -Z(CODE)CSTART,ISR_CODE,CODE_ID=E000-FFDD         #
#                            -P(CODE)CODE=E000-FFDD                            #
#                            -Z(CONST)SIGNATURE=FFDE-FFDF                      #
#                            -Z(CODE)INTVEC=FFE0-FFFF                          #
#                            -Z(CODE)RESET=FFFE-FFFF) -D_STACK_SIZE=50         #
#                            "C:\Program Files (x86)\IAR Systems\Embedded Work #
#                            bench 8.0\430\lib\dlib\dl430fn.r43"               #
#                            -e_PrintfLarge=_Printf -e_ScanfLarge=_Scanf       #
#                            -D_DATA16_HEAP_SIZE=50 -s __program_start         #
#                            -D_DATA20_HEAP_SIZE=50)                           #
#                                                                              #
#                           Copyright (C) 1987-2016 IAR Systems AB.            #
################################################################################





                ****************************************
                *                                      *
                *           CROSS REFERENCE            *
                *                                      *
                ****************************************

       Program entry at :           E014  Relocatable, from module : ?cstart




                ****************************************
                *                                      *
                *            RUNTIME MODEL             *
                *                                      *
                ****************************************

  __Heap_Handler             = Basic
  __SystemLibrary            = DLib
  __core                     = 430
  __dlib_file_descriptor     = 0
  __dlib_full_locale_support = 0
  __double_size              = 32
  __pic                      = no
  __reg_r4                   = free
  __reg_r5                   = free
  __rt_version               = 3

                ****************************************
                *                                      *
                *    AUTOMATIC SYMBOL REDIRECTIONS     *
                *                                      *
                ****************************************

                  There are no automatic symbol redirections.



                ****************************************
                *                                      *
                *              MODULE MAP              *
                *                                      *
                ****************************************


  DEFINED ABSOLUTE ENTRIES
    *************************************************************************

  DEFINED ABSOLUTE ENTRIES
  PROGRAM MODULE, NAME : ?ABS_ENTRY_MOD

Absolute parts
           ENTRY                   ADDRESS         REF BY
           =====                   =======         ======
           _DATA20_HEAP_SIZE       0050 
           _DATA16_HEAP_SIZE       0050 
           _STACK_SIZE             0050 
    *************************************************************************

  FILE NAME : E:\Programing\MSP430\Trafic_Light\Debug\Obj\main.r43
  PROGRAM MODULE, NAME : main

  SEGMENTS IN THE MODULE
  ======================
DATA16_AN
  Relative segment, address: 0021 - 0021 (0x1 bytes), align: 0
  Segment part 1. ROOT        Intra module refs:   LACTH_DATA
                                                   main
                                                   renderLED
                                                   shiftOut
           ENTRY                   ADDRESS         REF BY
           =====                   =======         ======
           P1OUT                   0021 
    -------------------------------------------------------------------------
DATA16_AN
  Relative segment, address: 0022 - 0022 (0x1 bytes), align: 0
  Segment part 2. ROOT        Intra module refs:   main
           ENTRY                   ADDRESS         REF BY
           =====                   =======         ======
           P1DIR                   0022 
    -------------------------------------------------------------------------
DATA16_AN
  Relative segment, address: 0023 - 0023 (0x1 bytes), align: 0
  Segment part 3. ROOT        Intra module refs:   Button_Click
                                                   main
           ENTRY                   ADDRESS         REF BY
           =====                   =======         ======
           P1IFG                   0023 
    -------------------------------------------------------------------------
DATA16_AN
  Relative segment, address: 0024 - 0024 (0x1 bytes), align: 0
  Segment part 4. ROOT        Intra module refs:   main
           ENTRY                   ADDRESS         REF BY
           =====                   =======         ======
           P1IES                   0024 
    -------------------------------------------------------------------------
DATA16_AN
  Relative segment, address: 0025 - 0025 (0x1 bytes), align: 0
  Segment part 5. ROOT        Intra module refs:   main
           ENTRY                   ADDRESS         REF BY
           =====                   =======         ======
           P1IE                    0025 
    -------------------------------------------------------------------------
DATA16_AN
  Relative segment, address: 0029 - 0029 (0x1 bytes), align: 0
  Segment part 6. ROOT        Intra module refs:   main
                                                   renderLED
                                                   setEnableLED
           ENTRY                   ADDRESS         REF BY
           =====                   =======         ======
           P2OUT                   0029 
    -------------------------------------------------------------------------
DATA16_AN
  Relative segment, address: 002A - 002A (0x1 bytes), align: 0
  Segment part 7. ROOT        Intra module refs:   main
           ENTRY                   ADDRESS         REF BY
           =====                   =======         ======
           P2DIR                   002A 
    -------------------------------------------------------------------------
DATA16_AN
  Relative segment, address: 001A - 001A (0x1 bytes), align: 0
  Segment part 8. ROOT        Intra module refs:   main
           ENTRY                   ADDRESS         REF BY
           =====                   =======         ======
           P3DIR                   001A 
    -------------------------------------------------------------------------
DATA16_AN
  Relative segment, address: 0120 - 0121 (0x2 bytes), align: 0
  Segment part 9. ROOT        Intra module refs:   main
           ENTRY                   ADDRESS         REF BY
           =====                   =======         ======
           WDTCTL                  0120 
    -------------------------------------------------------------------------
DATA16_Z
  Relative segment, address: 0202 - 0203 (0x2 bytes), align: 1
  Segment part 14.            Intra module refs:   init
                                                   main
           ENTRY                   ADDRESS         REF BY
           =====                   =======         ======
           MODE                    0202 
    -------------------------------------------------------------------------
DATA16_Z
  Relative segment, address: 0204 - 0205 (0x2 bytes), align: 1
  Segment part 15.            Intra module refs:   Button_Click
                                                   main
           ENTRY                   ADDRESS         REF BY
           =====                   =======         ======
           SWITCH_MODE             0204 
    -------------------------------------------------------------------------
DATA16_I
  Relative segment, address: 0200 - 0201 (0x2 bytes), align: 1
  Segment part 16.            Intra module refs:   SET_HUONG_13
                                                   SET_HUONG_24
                                                   init
           ENTRY                   ADDRESS         REF BY
           =====                   =======         ======
           MAX_TIME                0200 
    -------------------------------------------------------------------------
DATA16_Z
  Relative segment, address: 0206 - 0207 (0x2 bytes), align: 1
  Segment part 18.            Intra module refs:   SET_HUONG_13
                                                   SET_HUONG_24
                                                   init
                                                   main
           ENTRY                   ADDRESS         REF BY
           =====                   =======         ======
           DO_CHENH_LECH           0206 
    -------------------------------------------------------------------------
DATA16_C
  Relative segment, address: E00E - E00F (0x2 bytes), align: 0
  Segment part 12.            Intra module refs:   shiftOut
    -------------------------------------------------------------------------
DATA16_C
  Relative segment, address: E010 - E011 (0x2 bytes), align: 0
  Segment part 13.            Intra module refs:   shiftOut
    -------------------------------------------------------------------------
DATA16_C
  Relative segment, address: E000 - E001 (0x2 bytes), align: 1
  Segment part 19.            Intra module refs:   SET_HUONG_13
                                                   SET_HUONG_24
                                                   init
           ENTRY                   ADDRESS         REF BY
           =====                   =======         ======
           TIME_YELLOW             E000 
    -------------------------------------------------------------------------
DATA16_C
  Relative segment, address: E002 - E003 (0x2 bytes), align: 1
  Segment part 20.            Intra module refs:   SET_HUONG_13
                                                   SET_HUONG_24
                                                   init
                                                   renderLED
           ENTRY                   ADDRESS         REF BY
           =====                   =======         ======
           RED                     E002 
    -------------------------------------------------------------------------
DATA16_C
  Relative segment, address: E004 - E005 (0x2 bytes), align: 1
  Segment part 21.            Intra module refs:   SET_HUONG_13
                                                   SET_HUONG_24
                                                   renderLED
           ENTRY                   ADDRESS         REF BY
           =====                   =======         ======
           YELLOW                  E004 
    -------------------------------------------------------------------------
DATA16_C
  Relative segment, address: E006 - E007 (0x2 bytes), align: 1
  Segment part 22.            Intra module refs:   SET_HUONG_13
                                                   SET_HUONG_24
                                                   init
                                                   renderLED
           ENTRY                   ADDRESS         REF BY
           =====                   =======         ======
           GREEN                   E006 
    -------------------------------------------------------------------------
DATA16_C
  Relative segment, address: E008 - E009 (0x2 bytes), align: 1
  Segment part 23.            Intra module refs:   main
           ENTRY                   ADDRESS         REF BY
           =====                   =======         ======
           SLOW_MODE               E008 
    -------------------------------------------------------------------------
DATA16_C
  Relative segment, address: E00A - E00B (0x2 bytes), align: 1
  Segment part 24.            Intra module refs:   init
                                                   main
           ENTRY                   ADDRESS         REF BY
           =====                   =======         ======
           NORMAL_MODE             E00A 
    -------------------------------------------------------------------------
DATA16_C
  Relative segment, address: E00C - E00D (0x2 bytes), align: 1
  Segment part 25.            Intra module refs:   main
           ENTRY                   ADDRESS         REF BY
           =====                   =======         ======
           ONLY_YELLOW_MODE        E00C 
    -------------------------------------------------------------------------
DATA16_Z
  Relative segment, address: 0208 - 020B (0x4 bytes), align: 1
  Segment part 26.            Intra module refs:   SET_HUONG_13
                                                   init
                                                   main
                                                   renderLED
                                                   renderLED7Seg
           ENTRY                   ADDRESS         REF BY
           =====                   =======         ======
           HUONG_13                0208 
    -------------------------------------------------------------------------
DATA16_Z
  Relative segment, address: 020C - 020F (0x4 bytes), align: 1
  Segment part 27.            Intra module refs:   SET_HUONG_24
                                                   init
                                                   main
                                                   renderLED
                                                   renderLED7Seg
           ENTRY                   ADDRESS         REF BY
           =====                   =======         ======
           HUONG_24                020C 
    -------------------------------------------------------------------------
<CODE> 1 (was CODE)
  Relative segment, address: E430 - E439 (0xa bytes), align: 1
  Segment part 28.            Intra module refs:   renderLED7Seg
           ENTRY                   ADDRESS         REF BY
           =====                   =======         ======
           LACTH_DATA              E430 
    -------------------------------------------------------------------------
<CODE> 1 (was CODE)
  Relative segment, address: E246 - E2AB (0x66 bytes), align: 1
  Segment part 29.            Intra module refs:   renderLED7Seg
           ENTRY                   ADDRESS         REF BY
           =====                   =======         ======
           shiftOut                E246 
               calls direct
    -------------------------------------------------------------------------
<CODE> 1 (was CODE)
  Relative segment, address: E358 - E38B (0x34 bytes), align: 1
  Segment part 30.            Intra module refs:   main
           ENTRY                   ADDRESS         REF BY
           =====                   =======         ======
           init                    E358 
    -------------------------------------------------------------------------
<CODE> 1 (was CODE)
  Relative segment, address: E1D0 - E245 (0x76 bytes), align: 1
  Segment part 31.            Intra module refs:   main
           ENTRY                   ADDRESS         REF BY
           =====                   =======         ======
           renderLED               E1D0 
    -------------------------------------------------------------------------
<CODE> 1 (was CODE)
  Relative segment, address: E302 - E357 (0x56 bytes), align: 1
  Segment part 32.            Intra module refs:   main
           ENTRY                   ADDRESS         REF BY
           =====                   =======         ======
           SET_HUONG_13            E302 
    -------------------------------------------------------------------------
<CODE> 1 (was CODE)
  Relative segment, address: E2AC - E301 (0x56 bytes), align: 1
  Segment part 33.            Intra module refs:   main
           ENTRY                   ADDRESS         REF BY
           =====                   =======         ======
           SET_HUONG_24            E2AC 
    -------------------------------------------------------------------------
<CODE> 1 (was CODE)
  Relative segment, address: E14E - E1CF (0x82 bytes), align: 1
  Segment part 34.            Intra module refs:   main
           ENTRY                   ADDRESS         REF BY
           =====                   =======         ======
           renderLED7Seg           E14E 
               calls direct
    -------------------------------------------------------------------------
<CODE> 1 (was CODE)
  Relative segment, address: E414 - E423 (0x10 bytes), align: 1
  Segment part 35.            Intra module refs:   main
           ENTRY                   ADDRESS         REF BY
           =====                   =======         ======
           setEnableLED            E414 
    -------------------------------------------------------------------------
<CODE> 1 (was CODE)
  Relative segment, address: E03C - E14D (0x112 bytes), align: 1
  Segment part 36.
           ENTRY                   ADDRESS         REF BY
           =====                   =======         ======
           main                    E03C            Segment part 19 (?cstart)
               calls direct
    -------------------------------------------------------------------------
<CODE> 1 (was CODE)
  Relative segment, address: E3BC - E3D9 (0x1e bytes), align: 1
  Segment part 37.            Intra module refs:   Button_Click::??INTVEC 4
           ENTRY                   ADDRESS         REF BY
           =====                   =======         ======
           Button_Click            E3BC 
               interrupt function
    -------------------------------------------------------------------------
INTVEC
  Common segment, address: FFE0 - FFE5 (0x6 bytes), align: 1
  Segment part 10. ROOT 
           ENTRY                   ADDRESS         REF BY
           =====                   =======         ======
           Button_Click::??INTVEC 4
                                   FFE4 
    -------------------------------------------------------------------------
DATA16_ID
  Relative segment, address: E012 - E013 (0x2 bytes), align: 1
  Segment part 17.            Intra module refs:   MAX_TIME

    *************************************************************************

  FILE NAME : C:\Program Files (x86)\IAR Systems\Embedded Workbench 8.0\430\lib\dlib\dl430fn.r43
  LIBRARY MODULE, NAME : ?_exit

  SEGMENTS IN THE MODULE
  ======================
<CODE> 1 (was CODE)
  Relative segment, address: E43A, align: 1
  Segment part 0.
           ENTRY                   ADDRESS         REF BY
           =====                   =======         ======
           _exit                   E43A            exit (?exit)
    -------------------------------------------------------------------------
<CODE> 1 (was CODE)
  Relative segment, address: E43A - E43D (0x4 bytes), align: 1
  Segment part 6.             Intra module refs:   _exit

    -------------------------------------------------------------------------
  LIBRARY MODULE, NAME : ?cstart

  SEGMENTS IN THE MODULE
  ======================
CSTACK
  Relative segment, address: 03B0, align: 1
  Segment part 1.
    -------------------------------------------------------------------------
DATA16_Z
  Relative segment, address: 0210, align: 1
  Segment part 2.
    -------------------------------------------------------------------------
DATA16_I
  Relative segment, address: 0202, align: 1
  Segment part 3.
    -------------------------------------------------------------------------
DATA16_ID
  Relative segment, address: E014, align: 1
  Segment part 4.
    -------------------------------------------------------------------------
CSTART
  Relative segment, address: E014 - E017 (0x4 bytes), align: 1
  Segment part 9.
           ENTRY                   ADDRESS         REF BY
           =====                   =======         ======
           __program_start         E014            ?reset_vector (?reset_vector)
                                                   Absolute parts (?ABS_ENTRY_MOD)
           ?cstart_begin           E014 
    -------------------------------------------------------------------------
CSTART
  Relative segment, address: E018 - E023 (0xc bytes), align: 1
  Segment part 14.
           ENTRY                   ADDRESS         REF BY
           =====                   =======         ======
           ?cstart_init_zero       E018            DO_CHENH_LECH (main)
                                                   HUONG_13 (main)
                                                   HUONG_24 (main)
                                                   MODE (main)
                                                   SWITCH_MODE (main)
    -------------------------------------------------------------------------
CSTART
  Relative segment, address: E024 - E033 (0x10 bytes), align: 1
  Segment part 15.
           ENTRY                   ADDRESS         REF BY
           =====                   =======         ======
           ?cstart_init_copy       E024            MAX_TIME (main)
    -------------------------------------------------------------------------
CSTART
  Relative segment, address: E034 - E03B (0x8 bytes), align: 1
  Segment part 19.            Intra module refs:   Segment part 9
           ENTRY                   ADDRESS         REF BY
           =====                   =======         ======
           ?cstart_call_main       E034 
           ?cstart_end             E03C 

    -------------------------------------------------------------------------
  LIBRARY MODULE, NAME : ?reset_vector

  SEGMENTS IN THE MODULE
  ======================
RESET
  Relative segment, address: FFFE - FFFF (0x2 bytes), align: 1
  Segment part 0.
           ENTRY                   ADDRESS         REF BY
           =====                   =======         ======
           ?reset_vector           FFFE            Segment part 9 (?cstart)

    -------------------------------------------------------------------------
  LIBRARY MODULE, NAME : ?exit

  SEGMENTS IN THE MODULE
  ======================
<CODE> 1 (was CODE)
  Relative segment, address: E442 - E445 (0x4 bytes), align: 1
  Segment part 2.
           ENTRY                   ADDRESS         REF BY
           =====                   =======         ======
           exit                    E442            Segment part 19 (?cstart)
               calls direct

    -------------------------------------------------------------------------
  LIBRARY MODULE, NAME : ?DivMod816u

  SEGMENTS IN THE MODULE
  ======================
<CODE> 1 (was CODE)
  Relative segment, address: E3DA - E3F1 (0x18 bytes), align: 1
  Segment part 1.
           ENTRY                   ADDRESS         REF BY
           =====                   =======         ======
           ?DivMod16u              E3DA            ?DivMod16s (?DivMod816s)

    -------------------------------------------------------------------------
  LIBRARY MODULE, NAME : ?DivMod816s

  SEGMENTS IN THE MODULE
  ======================
<CODE> 1 (was CODE)
  Relative segment, address: E38C - E3BB (0x30 bytes), align: 1
  Segment part 1.
           ENTRY                   ADDRESS         REF BY
           =====                   =======         ======
           ?DivMod16s              E38C            main (main)
                                                   renderLED7Seg (main)

    -------------------------------------------------------------------------
  LIBRARY MODULE, NAME : ?ShiftLeft16

  SEGMENTS IN THE MODULE
  ======================
<CODE> 1 (was CODE)
  Relative segment, address: E424 - E42F (0xc bytes), align: 1
  Segment part 0.
           ENTRY                   ADDRESS         REF BY
           =====                   =======         ======
           ?ShiftLeft16            E424            shiftOut (main)

    -------------------------------------------------------------------------
  LIBRARY MODULE, NAME : ?memcpy

  SEGMENTS IN THE MODULE
  ======================
<CODE> 1 (was CODE)
  Relative segment, address: E3F2 - E403 (0x12 bytes), align: 1
  Segment part 2.
           ENTRY                   ADDRESS         REF BY
           =====                   =======         ======
           memcpy                  E3F2            __data16_memcpy (?memzero)

    -------------------------------------------------------------------------
  LIBRARY MODULE, NAME : ?memzero

  SEGMENTS IN THE MODULE
  ======================
<CODE> 1 (was CODE)
  Relative segment, address: E404 - E413 (0x10 bytes), align: 1
  Segment part 2.
           ENTRY                   ADDRESS         REF BY
           =====                   =======         ======
           __data16_memzero        E404            ?cstart_init_zero (?cstart)
    -------------------------------------------------------------------------
<CODE> 1 (was CODE)
  Relative segment, address: E43E - E441 (0x4 bytes), align: 1
  Segment part 3.
           ENTRY                   ADDRESS         REF BY
           =====                   =======         ======
           __data16_memcpy         E43E            ?cstart_init_copy (?cstart)
               calls direct

    -------------------------------------------------------------------------
  LIBRARY MODULE, NAME : ?__exit

  SEGMENTS IN THE MODULE
  ======================
<CODE> 1 (was CODE)
  Relative segment, address: E446 - E447 (0x2 bytes), align: 1
  Segment part 2.
           ENTRY                   ADDRESS         REF BY
           =====                   =======         ======
           __exit                  E446            Segment part 6 (?_exit)
                                                   _exit (?_exit)




                ****************************************
                *                                      *
                *      SEGMENTS IN ADDRESS ORDER       *
                *                                      *
                ****************************************


SEGMENT              SPACE    START ADDRESS   END ADDRESS     SIZE  TYPE  ALIGN
=======              =====    =============   ===========     ====  ====  =====
DATA16_AN                              001A - 001A               1   rel    0
                                       0021 - 0025               5 
                                       0029 - 002A               2 
                                       0120 - 0121               2 
DATA16_I                               0200 - 0201               2   rel    1
DATA16_Z                               0202 - 020F               E   rel    1
CSTACK                                 03B0 - 03FF              50   rel    1
DATA16_C                               E000 - E011              12   rel    1
DATA16_ID                              E012 - E013               2   rel    1
CSTART                                 E014 - E03B              28   rel    1
<CODE> 1                               E03C - E447             40C   rel    1
INTVEC                                 FFE0 - FFE5               6   com    1
RESET                                  FFFE - FFFF               2   rel    1

                ****************************************
                *                                      *
                *        END OF CROSS REFERENCE        *
                *                                      *
                ****************************************

 1 084 bytes of CODE  memory
    96 bytes of DATA  memory (+ 10 absolute )
    20 bytes of CONST memory

Errors: none
Warnings: none

